// Jest Snapshot v1, https://goo.gl/fbAQLP

exports[`<Footer /> renders correctly 1`] = `
<div
  className="footer"
>
  <div
    className="footer__inner_container"
  >
    <div
      className="footer__title"
    >
      <Link
        replace={false}
        to="/"
      >
        qonnect
      </Link>
    </div>
    <div
      className="footer__links"
    >
      <Link
        replace={false}
        to="/about"
      >
        About
      </Link>
      <Link
        replace={false}
        to="/contact"
      >
        Contact
      </Link>
      <Link
        replace={false}
        to="/"
      >
        Blog
      </Link>
    </div>
    <div
      className="footer__social-icons"
    >
      <i
        className="fab fa-facebook"
      />
      <i
        className="fab fa-twitter-square"
      />
      <i
        className="fab fa-pinterest-square"
      />
    </div>
  </div>
</div>
`;
