// Jest Snapshot v1, https://goo.gl/fbAQLP

exports[`<Home /> renders correct 1`] = `
<div>
  <HomeBillBoard />
  <HowItWorks />
</div>
`;
