// Jest Snapshot v1, https://goo.gl/fbAQLP

exports[`<HowItWorks /> renders correctly 1`] = `
<div
  className="how-it-works__container"
>
  <div
    className="how-it-works__inner-container"
  >
    <HowItWorksItem
      icon="fas fa-calendar-alt"
      text="Lorem ipsum dolor sit amet, consectetur adipiscing elit, sed do eiusmod tempor incididunt ut labore et dolore magna aliqua. Ut enim ad minim veniam, quis nostrud exercitation ullamco laboris nisi ut aliquip ex ea commodo consequat."
      title="Find Something To Do"
    />
    <HowItWorksItem
      icon="fa fa-users"
      text="Duis aute irure dolor in reprehenderit in voluptate velit esse cillum dolore eu fugiat nulla pariatur. Excepteur sint occaecat cupidatat non proident, sunt in culpa qui officia deserunt mollit anim id est laborum."
      title="Meet New People"
    />
    <HowItWorksItem
      icon="fas fa-hands-helping"
      text="Sed ut perspiciatis unde omnis iste natus error sit voluptatem accusantium doloremque laudantium, totam rem aperiam, eaque ipsa quae ab illo inventore veritatis et quasi architecto beatae vitae dicta sunt explicabo. Nemo enim ipsam voluptatem quia voluptas sit aspernatur aut odit aut fugit"
      title="Find Something To Do"
    />
  </div>
</div>
`;
