// Jest Snapshot v1, https://goo.gl/fbAQLP

exports[`<UserInfo/> renders correctly 1`] = `
<div
  className="user-info"
>
  <div
    className="user-info__photoURL"
  >
    <img
      className="user-info__silhouete"
      src="https://ih0.redbubble.net/image.14393202.3421/flat,800x800,070,f.u1.jpg"
    />
  </div>
  <h1>
    Rachel
     
    Deckard
  </h1>
  <div
    className="user-info__personal-stats"
  >
    <div
      className="user-info__item"
    >
      <i
        className="fas fa-globe"
      />
      The Sprawl!!!
      , 
      Ga
    </div>
    <div
      className="user-info__item"
    >
      <i
        className="fas fa-birthday-cake"
      />
      41
       Years Old
    </div>
    <div
      className="user-info__item"
    >
      <i
        className="fas fa-sign-in-alt"
      />
      May 11th 2018
    </div>
  </div>
  <div
    className="user-info__description"
  >
    I am a replicant! I think. I know...!
  </div>
  <button
    className="button__purple"
  >
    <Link
      replace={false}
      to="/update-profile"
    >
      Update
    </Link>
  </button>
</div>
`;
